Assuming unrestricted shared filesystem usage.
host: CornellDell
Building DAG of jobs...
Provided cores: 1 (use --cores to define parallelism)
Rules claiming more threads will be scaled down.
Job stats:
job                        count
-----------------------  -------
ESCEpiLC_VA_WTKO_DESeq2        1
ESC_EpiLC_upset                1
GO_EpiLC_vs_Brain              1
Germ_CGI                       1
KDM5C_chip                     1
amyhipDESeq2                   1
total                          6

Select jobs to execute...
Execute 1 jobs...

[Tue Jan 13 10:18:55 2026]
localrule ESCEpiLC_VA_WTKO_DESeq2:
    input: data/raw/230919_ESCEpiLC_VA_gene_expected_count.annot.txt, data/raw/SampleInfo_ESCEpiLC_VA.csv, data/processed/germGENES20.csv
    output: results/figure_pieces/PCA_ESCEpiLC_VA_5CKOvWT.pdf, data/processed/restable_ESCEpiLC_VA_5CKOvWT_0.csv, data/processed/restable_ESCEpiLC_VA_5CKOvWT_48VA.csv, data/processed/restable_ESCEpiLC_VA_5CKOvWT_48NO.csv, data/processed/restable_ESCEpiLC_VA_5CKOvWT_96VA.csv, data/processed/restable_ESCEpiLC_VA_5CKOvWT_96NO.csv, results/DESeq2/germDEGs/germDEGs_ESCEpiLC_VA_5CKOvWT_0.csv, results/DESeq2/germDEGs/germDEGs_ESCEpiLC_VA_5CKOvWT_48RA.csv, results/DESeq2/germDEGs/germDEGs_ESCEpiLC_VA_5CKOvWT_48NO.csv, results/DESeq2/germDEGs/germDEGs_ESCEpiLC_VA_5CKOvWT_96RA.csv, results/DESeq2/germDEGs/germDEGs_ESCEpiLC_VA_5CKOvWT_96NO.csv, results/DESeq2/DEGs_nESC.csv, results/DESeq2/DEGs_EpiLC_48VA.csv, results/DESeq2/DEGs_exEpiLC_96VA.csv
    jobid: 5
    reason: Params have changed since last execution: Union of exclusive params before and now across all output: before: 0.01 now: 0.05 
    resources: tmpdir=C:\Users\kmbon\AppData\Local\Temp

[1] "initial cts"
                   X9098.KB.1 X9098.KB.10 X9098.KB.11 X9098.KB.12 X9098.KB.13
ENSMUSG00000000001       4870        4671        3293        3353        4411
ENSMUSG00000000003          0           0           0           0           0
ENSMUSG00000000028       4237        1140        2184        1309        1359
ENSMUSG00000000031         82        1817          45         375         438
ENSMUSG00000000037         74         380          54          22          42
ENSMUSG00000000049          0           0           0           0           0
                   X9098.KB.14 X9098.KB.15 X9098.KB.16 X9098.KB.17 X9098.KB.18
ENSMUSG00000000001        5034        5250        2760        3990        4428
ENSMUSG00000000003           0           0           0           0           0
ENSMUSG00000000028        1605        1402        1887        1443        1345
ENSMUSG00000000031        1572         999          74         464         511
ENSMUSG00000000037          64         121          48          44          32
ENSMUSG00000000049           0           0           0           0           0
                   X9098.KB.19 X9098.KB.2 X9098.KB.20 X9098.KB.21 X9098.KB.22
ENSMUSG00000000001        4510       3608        4121        2567        3587
ENSMUSG00000000003           0          0           0           0           0
ENSMUSG00000000028        1472       1439        1097        1833        1548
ENSMUSG00000000031        1427        553         992          36         480
ENSMUSG00000000037          38         35         130          29          48
ENSMUSG00000000049           0          0           0           0           0
                   X9098.KB.23 X9098.KB.24 X9098.KB.25 X9098.KB.26 X9098.KB.27
ENSMUSG00000000001        3992        4333        5751        2899        3238
ENSMUSG00000000003           0           0           0           0           0
ENSMUSG00000000028        1234        1392        1369        1984        1535
ENSMUSG00000000031         528         743         784          45         459
ENSMUSG00000000037          37          37         276          43          62
ENSMUSG00000000049           0           0           0           0           0
                   X9098.KB.28 X9098.KB.29 X9098.KB.3 X9098.KB.30 X9098.KB.31
ENSMUSG00000000001        4189        4806       3985        5028        6114
ENSMUSG00000000003           0           0          0           0           0
ENSMUSG00000000028        1453        1348       1269        1077        1759
ENSMUSG00000000031         743        4188        603         819         971
ENSMUSG00000000037          37          99         52         320          81
ENSMUSG00000000049           0           0          0           0           0
                   X9098.KB.4 X9098.KB.5 X9098.KB.6 X9098.KB.7 X9098.KB.9
ENSMUSG00000000001       5055       6311       2847       4469       6040
ENSMUSG00000000003          0          0          0          0          0
ENSMUSG00000000028       1475       1417       2431       1906       1809
ENSMUSG00000000031       5027       1591         69        693       5869
ENSMUSG00000000037        119        442         44         66        150
ENSMUSG00000000049          0          0          0          0          0
            ID     Sample Genotype Timepoint VA Batch CellLine
1   X9098.KB.1      05CA1     5CKO         0        A   5CKOA1
2   X9098.KB.2  485CA1WRA     5CKO        48 VA     A   5CKOA1
3   X9098.KB.3 485CA1NORA     5CKO        48 NO     A   5CKOA1
4   X9098.KB.4  965CA1WRA     5CKO        96 VA     A   5CKOA1
5   X9098.KB.5 965CA1NORA     5CKO        96 NO     A   5CKOA1
6   X9098.KB.6      05CB1     5CKO         0        B   5CKOB1
7   X9098.KB.7  485CB1WRA     5CKO        48 VA     B   5CKOB1
8   X9098.KB.9  965CB1WRA     5CKO        96 VA     B   5CKOB1
9  X9098.KB.10 965CB1NORA     5CKO        96 NO     B   5CKOB1
10 X9098.KB.11      0WTA1       WT         0        A     WTA1
11 X9098.KB.12  48WTA1WRA       WT        48 VA     A     WTA1
12 X9098.KB.13 48WTA1NORA       WT        48 NO     A     WTA1
13 X9098.KB.14  96WTA1WRA       WT        96 VA     A     WTA1
14 X9098.KB.15 96WTA1NORA       WT        96 NO     A     WTA1
15 X9098.KB.16      0WTB1       WT         0        B     WTB1
16 X9098.KB.17  48WTB1WRA       WT        48 VA     B     WTB1
17 X9098.KB.18 48WTB1NORA       WT        48 NO     B     WTB1
18 X9098.KB.19  96WTB1WRA       WT        96 VA     B     WTB1
19 X9098.KB.20 96WTB1NORA       WT        96 NO     B     WTB1
20 X9098.KB.21      0WTA2       WT         0        A     WTA2
21 X9098.KB.22  48WTA2WRA       WT        48 VA     A     WTA2
22 X9098.KB.23 48WTA2NORA       WT        48 NO     A     WTA2
23 X9098.KB.24  96WTA2WRA       WT        96 VA     A     WTA2
24 X9098.KB.25 96WTA2NORA       WT        96 NO     A     WTA2
25 X9098.KB.26      05CA2     5CKO         0        A   5CKOA2
26 X9098.KB.27  485CA2WRA     5CKO        48 VA     A   5CKOA2
27 X9098.KB.28 485CA2NORA     5CKO        48 NO     A   5CKOA2
28 X9098.KB.29  965CA2WRA     5CKO        96 VA     A   5CKOA2
29 X9098.KB.30 965CA2NORA     5CKO        96 NO     A   5CKOA2
30 X9098.KB.31 485CB1NORA     5CKO        48 NO     B   5CKOB1
            genotype timepoint VA batch
X9098.KB.1      5CKO         0        A
X9098.KB.2      5CKO        48 VA     A
X9098.KB.3      5CKO        48 NO     A
X9098.KB.4      5CKO        96 VA     A
X9098.KB.5      5CKO        96 NO     A
X9098.KB.6      5CKO         0        B
X9098.KB.7      5CKO        48 VA     B
X9098.KB.9      5CKO        96 VA     B
X9098.KB.10     5CKO        96 NO     B
X9098.KB.11       WT         0        A
X9098.KB.12       WT        48 VA     A
X9098.KB.13       WT        48 NO     A
X9098.KB.14       WT        96 VA     A
X9098.KB.15       WT        96 NO     A
X9098.KB.16       WT         0        B
X9098.KB.17       WT        48 VA     B
X9098.KB.18       WT        48 NO     B
X9098.KB.19       WT        96 VA     B
X9098.KB.20       WT        96 NO     B
X9098.KB.21       WT         0        A
X9098.KB.22       WT        48 VA     A
X9098.KB.23       WT        48 NO     A
X9098.KB.24       WT        96 VA     A
X9098.KB.25       WT        96 NO     A
X9098.KB.26     5CKO         0        A
X9098.KB.27     5CKO        48 VA     A
X9098.KB.28     5CKO        48 NO     A
X9098.KB.29     5CKO        96 VA     A
X9098.KB.30     5CKO        96 NO     A
X9098.KB.31     5CKO        48 NO     B
[1] TRUE
                   X9098.KB.1 X9098.KB.2 X9098.KB.3 X9098.KB.4 X9098.KB.5
ENSMUSG00000000001       4870       3608       3985       5055       6311
ENSMUSG00000000003          0          0          0          0          0
ENSMUSG00000000028       4237       1439       1269       1475       1417
ENSMUSG00000000031         82        553        603       5027       1591
ENSMUSG00000000037         74         35         52        119        442
ENSMUSG00000000049          0          0          0          0          0
                   X9098.KB.6 X9098.KB.7 X9098.KB.9 X9098.KB.10 X9098.KB.11
ENSMUSG00000000001       2847       4469       6040        4671        3293
ENSMUSG00000000003          0          0          0           0           0
ENSMUSG00000000028       2431       1906       1809        1140        2184
ENSMUSG00000000031         69        693       5869        1817          45
ENSMUSG00000000037         44         66        150         380          54
ENSMUSG00000000049          0          0          0           0           0
                   X9098.KB.12 X9098.KB.13 X9098.KB.14 X9098.KB.15 X9098.KB.16
ENSMUSG00000000001        3353        4411        5034        5250        2760
ENSMUSG00000000003           0           0           0           0           0
ENSMUSG00000000028        1309        1359        1605        1402        1887
ENSMUSG00000000031         375         438        1572         999          74
ENSMUSG00000000037          22          42          64         121          48
ENSMUSG00000000049           0           0           0           0           0
                   X9098.KB.17 X9098.KB.18 X9098.KB.19 X9098.KB.20 X9098.KB.21
ENSMUSG00000000001        3990        4428        4510        4121        2567
ENSMUSG00000000003           0           0           0           0           0
ENSMUSG00000000028        1443        1345        1472        1097        1833
ENSMUSG00000000031         464         511        1427         992          36
ENSMUSG00000000037          44          32          38         130          29
ENSMUSG00000000049           0           0           0           0           0
                   X9098.KB.22 X9098.KB.23 X9098.KB.24 X9098.KB.25 X9098.KB.26
ENSMUSG00000000001        3587        3992        4333        5751        2899
ENSMUSG00000000003           0           0           0           0           0
ENSMUSG00000000028        1548        1234        1392        1369        1984
ENSMUSG00000000031         480         528         743         784          45
ENSMUSG00000000037          48          37          37         276          43
ENSMUSG00000000049           0           0           0           0           0
                   X9098.KB.27 X9098.KB.28 X9098.KB.29 X9098.KB.30 X9098.KB.31
ENSMUSG00000000001        3238        4189        4806        5028        6114
ENSMUSG00000000003           0           0           0           0           0
ENSMUSG00000000028        1535        1453        1348        1077        1759
ENSMUSG00000000031         459         743        4188         819         971
ENSMUSG00000000037          62          37          99         320          81
ENSMUSG00000000049           0           0           0           0           0
[1] TRUE
Loading required package: S4Vectors
Loading required package: stats4
Loading required package: BiocGenerics

Attaching package: 'BiocGenerics'

The following objects are masked from 'package:stats':

    IQR, mad, sd, var, xtabs

The following objects are masked from 'package:base':

    anyDuplicated, aperm, append, as.data.frame, basename, cbind,
    colnames, dirname, do.call, duplicated, eval, evalq, Filter, Find,
    get, grep, grepl, intersect, is.unsorted, lapply, Map, mapply,
    match, mget, order, paste, pmax, pmax.int, pmin, pmin.int,
    Position, rank, rbind, Reduce, rownames, sapply, saveRDS, setdiff,
    table, tapply, union, unique, unsplit, which.max, which.min


Attaching package: 'S4Vectors'

The following object is masked from 'package:utils':

    findMatches

The following objects are masked from 'package:base':

    expand.grid, I, unname

Loading required package: IRanges

Attaching package: 'IRanges'

The following object is masked from 'package:grDevices':

    windows

Loading required package: GenomicRanges
Loading required package: GenomeInfoDb
Loading required package: SummarizedExperiment
Loading required package: MatrixGenerics
Loading required package: matrixStats

Attaching package: 'MatrixGenerics'

The following objects are masked from 'package:matrixStats':

    colAlls, colAnyNAs, colAnys, colAvgsPerRowSet, colCollapse,
    colCounts, colCummaxs, colCummins, colCumprods, colCumsums,
    colDiffs, colIQRDiffs, colIQRs, colLogSumExps, colMadDiffs,
    colMads, colMaxs, colMeans2, colMedians, colMins, colOrderStats,
    colProds, colQuantiles, colRanges, colRanks, colSdDiffs, colSds,
    colSums2, colTabulates, colVarDiffs, colVars, colWeightedMads,
    colWeightedMeans, colWeightedMedians, colWeightedSds,
    colWeightedVars, rowAlls, rowAnyNAs, rowAnys, rowAvgsPerColSet,
    rowCollapse, rowCounts, rowCummaxs, rowCummins, rowCumprods,
    rowCumsums, rowDiffs, rowIQRDiffs, rowIQRs, rowLogSumExps,
    rowMadDiffs, rowMads, rowMaxs, rowMeans2, rowMedians, rowMins,
    rowOrderStats, rowProds, rowQuantiles, rowRanges, rowRanks,
    rowSdDiffs, rowSds, rowSums2, rowTabulates, rowVarDiffs, rowVars,
    rowWeightedMads, rowWeightedMeans, rowWeightedMedians,
    rowWeightedSds, rowWeightedVars

Loading required package: Biobase
Welcome to Bioconductor

    Vignettes contain introductory material; view with
    'browseVignettes()'. To cite Bioconductor, see
    'citation("Biobase")', and for packages 'citation("pkgname")'.


Attaching package: 'Biobase'

The following object is masked from 'package:MatrixGenerics':

    rowMedians

The following objects are masked from 'package:matrixStats':

    anyMissing, rowMedians

estimating size factors
estimating dispersions
gene-wise dispersion estimates
mean-dispersion relationship
final dispersion estimates
fitting model and testing
using ntop=500 top features by variance
                   PC1      PC2    group  group.1       name VA genotime
X9098.KB.1 -58.7304042 10.57681    5CKO0    5CKO0 X9098.KB.1       5CKO0
X9098.KB.2  -3.6331051 23.79813 5CKO48VA 5CKO48VA X9098.KB.2 VA   5CKO48
X9098.KB.3   0.8584174 22.01193 5CKO48NO 5CKO48NO X9098.KB.3 NO   5CKO48
X9098.KB.4  19.4503222 17.73086 5CKO96VA 5CKO96VA X9098.KB.4 VA   5CKO96
X9098.KB.5  28.1775424 15.19235 5CKO96NO 5CKO96NO X9098.KB.5 NO   5CKO96
X9098.KB.6 -58.4239814 10.89266    5CKO0    5CKO0 X9098.KB.6       5CKO0
Warning message:
package 'ggplot2' was built under R version 4.4.3 
Warning message:
No shared levels found between `names(values)` of the manual scale and the
data's fill values. 
using 'ashr' for LFC shrinkage. If used in published research, please cite:
    Stephens, M. (2016) False discovery rates: a new deal. Biostatistics, 18:2.
    https://doi.org/10.1093/biostatistics/kxw041
[1] "for 0"

out of 32345 with nonzero total read count
adjusted p-value < 0.05
LFC > 0 (up)       : 2331, 7.2%
LFC < 0 (down)     : 2057, 6.4%
outliers [1]       : 7, 0.022%
low counts [2]     : 13275, 41%
(mean count < 3)
[1] see 'cooksCutoff' argument of ?results
[2] see 'independentFiltering' argument of ?results

NULL
[1] "There are 79 germline DEGs for 0"
             ENSEMBL  SYMBOL      sexBias   baseMean log2FoldChange     lfcSE
1 ENSMUSG00000000365   Rnf17     unbiased 1850.66864      0.5447056 0.1403795
2 ENSMUSG00000001948   Spa17 Sperm-biased   34.02246      0.5625576 0.4207410
3 ENSMUSG00000006241 Ccdc159     unbiased   38.80496      0.8292652 0.3797352
4 ENSMUSG00000009628   Tex15     unbiased 1280.23486      1.2738362 0.1688210
5 ENSMUSG00000009670   Tex11     unbiased  108.77460      0.8598365 0.2984601
6 ENSMUSG00000010592    Dazl     unbiased  678.77366      2.4887077 0.2160366
        pvalue         padj
1 4.177849e-06 5.477465e-05
2 9.940365e-03 4.446109e-02
3 8.474407e-04 5.895899e-03
4 7.610488e-15 3.530346e-13
5 1.268616e-04 1.125343e-03
6 3.954580e-33 6.612821e-31
using 'ashr' for LFC shrinkage. If used in published research, please cite:
    Stephens, M. (2016) False discovery rates: a new deal. Biostatistics, 18:2.
    https://doi.org/10.1093/biostatistics/kxw041
[1] "for 48VA"

out of 32345 with nonzero total read count
adjusted p-value < 0.05
LFC > 0 (up)       : 1562, 4.8%
LFC < 0 (down)     : 1407, 4.3%
outliers [1]       : 7, 0.022%
low counts [2]     : 13275, 41%
(mean count < 3)
[1] see 'cooksCutoff' argument of ?results
[2] see 'independentFiltering' argument of ?results

NULL
[1] "There are 69 germline DEGs for 48VA"
             ENSEMBL        SYMBOL      sexBias   baseMean log2FoldChange
1 ENSMUSG00000002076        Hsf2bp     unbiased 1344.64857      0.6794104
2 ENSMUSG00000005131 4930550C14Rik Sperm-biased   17.92052      0.5832914
3 ENSMUSG00000007888         Crlf1 Sperm-biased  347.28465      1.2406976
4 ENSMUSG00000009596         Taf7l     unbiased  192.96720      1.1671857
5 ENSMUSG00000009628         Tex15     unbiased 1280.23486      1.7382890
6 ENSMUSG00000010342         Tex14     unbiased  748.11123      1.7712259
      lfcSE       pvalue         padj
1 0.1362345 9.169328e-09 3.488920e-07
2 0.4723064 5.685706e-03 3.895996e-02
3 0.3148253 2.929291e-06 6.531119e-05
4 0.1763666 4.759280e-12 2.917240e-10
5 0.1708571 4.884915e-26 8.622328e-24
6 0.1712101 6.919316e-27 1.280611e-24
using 'ashr' for LFC shrinkage. If used in published research, please cite:
    Stephens, M. (2016) False discovery rates: a new deal. Biostatistics, 18:2.
    https://doi.org/10.1093/biostatistics/kxw041
[1] "for 48NO"

out of 32345 with nonzero total read count
adjusted p-value < 0.05
LFC > 0 (up)       : 1714, 5.3%
LFC < 0 (down)     : 1600, 4.9%
outliers [1]       : 7, 0.022%
low counts [2]     : 12672, 39%
(mean count < 2)
[1] see 'cooksCutoff' argument of ?results
[2] see 'independentFiltering' argument of ?results

NULL
[1] "There are 81 germline DEGs for 48NO"
             ENSEMBL        SYMBOL      sexBias   baseMean log2FoldChange
1 ENSMUSG00000002076        Hsf2bp     unbiased 1344.64857      0.8041492
2 ENSMUSG00000005131 4930550C14Rik Sperm-biased   17.92052      0.8665412
3 ENSMUSG00000005493          Msh4     unbiased   12.93557      1.0724607
4 ENSMUSG00000006056      Calcoco2   Egg-biased  365.48024      1.0034918
5 ENSMUSG00000009596         Taf7l     unbiased  192.96720      1.1983831
6 ENSMUSG00000009628         Tex15     unbiased 1280.23486      1.6838295
      lfcSE       pvalue         padj
1 0.1288175 3.729980e-11 2.031961e-09
2 0.5158772 1.460272e-03 1.252954e-02
3 0.6371108 8.715694e-04 8.170677e-03
4 0.3243433 4.950281e-05 7.216622e-04
5 0.1770500 1.113663e-12 7.349429e-11
6 0.1718291 1.584476e-24 2.640705e-22
using 'ashr' for LFC shrinkage. If used in published research, please cite:
    Stephens, M. (2016) False discovery rates: a new deal. Biostatistics, 18:2.
    https://doi.org/10.1093/biostatistics/kxw041
[1] "for 96VA"

out of 32345 with nonzero total read count
adjusted p-value < 0.05
LFC > 0 (up)       : 2686, 8.3%
LFC < 0 (down)     : 2287, 7.1%
outliers [1]       : 7, 0.022%
low counts [2]     : 12672, 39%
(mean count < 2)
[1] see 'cooksCutoff' argument of ?results
[2] see 'independentFiltering' argument of ?results

NULL
[1] "There are 145 germline DEGs for 96VA"
             ENSEMBL        SYMBOL      sexBias   baseMean log2FoldChange
1 ENSMUSG00000002076        Hsf2bp     unbiased 1344.64857      3.3261698
2 ENSMUSG00000002228         Ppm1j Sperm-biased  114.73961      0.6596855
3 ENSMUSG00000005131 4930550C14Rik Sperm-biased   17.92052      1.3457212
4 ENSMUSG00000005493          Msh4     unbiased   12.93557      4.8251009
5 ENSMUSG00000006056      Calcoco2   Egg-biased  365.48024      1.5857525
6 ENSMUSG00000006200         Rhox6   Egg-biased   53.73615      0.7714630
      lfcSE       pvalue         padj
1 0.1621493 6.618789e-95 5.206604e-92
2 0.2990792 7.937375e-04 5.255772e-03
3 0.3835058 1.675282e-05 1.904399e-04
4 1.3461054 2.856490e-06 3.961617e-05
5 0.3218825 4.523393e-08 9.314873e-07
6 0.6763436 8.965652e-03 3.807353e-02
using 'ashr' for LFC shrinkage. If used in published research, please cite:
    Stephens, M. (2016) False discovery rates: a new deal. Biostatistics, 18:2.
    https://doi.org/10.1093/biostatistics/kxw041
[1] "for 96NO"

out of 32345 with nonzero total read count
adjusted p-value < 0.05
LFC > 0 (up)       : 1423, 4.4%
LFC < 0 (down)     : 1383, 4.3%
outliers [1]       : 7, 0.022%
low counts [2]     : 14482, 45%
(mean count < 4)
[1] see 'cooksCutoff' argument of ?results
[2] see 'independentFiltering' argument of ?results

NULL
[1] "There are 80 germline DEGs for 96NO"
             ENSEMBL SYMBOL      sexBias   baseMean log2FoldChange     lfcSE
1 ENSMUSG00000001948  Spa17 Sperm-biased   34.02246      0.9178490 0.3944724
2 ENSMUSG00000002076 Hsf2bp     unbiased 1344.64857      3.4262955 0.2156855
3 ENSMUSG00000005493   Msh4     unbiased   12.93557      2.2674883 1.0217564
4 ENSMUSG00000009596  Taf7l     unbiased  192.96720      2.8762422 0.2432572
5 ENSMUSG00000009628  Tex15     unbiased 1280.23486      0.8471719 0.1854831
6 ENSMUSG00000009670  Tex11     unbiased  108.77460      0.9134209 0.7555804
        pvalue         padj
1 2.740009e-04 3.242253e-03
2 2.690970e-59 1.264473e-56
3 8.694490e-05 1.219515e-03
4 1.234231e-34 3.148346e-32
5 1.472311e-07 4.019814e-06
6 2.832088e-03 2.268720e-02

clusterProfiler v4.14.6 Learn more at https://yulab-smu.top/contribution-knowledge-mining/

Please cite:

S Xu, E Hu, Y Cai, Z Xie, X Luo, L Zhan, W Tang, Q Wang, B Liu, R Wang,
W Xie, T Wu, L Xie, G Yu. Using clusterProfiler to characterize
multiomics data. Nature Protocols. 2024, 19(11):3292-3320

Attaching package: 'clusterProfiler'

The following object is masked from 'package:IRanges':

    slice

The following object is masked from 'package:S4Vectors':

    rename

The following object is masked from 'package:stats':

    filter

Loading required package: AnnotationDbi

Attaching package: 'AnnotationDbi'

The following object is masked from 'package:clusterProfiler':

    select


'select()' returned 1:many mapping between keys and columns
Warning message:
In bitr(row.names(resDEG), fromType = "ENSEMBL", toType = "SYMBOL",  :
  10.42% of input gene IDs are fail to map...
'select()' returned 1:many mapping between keys and columns
Warning message:
In bitr(row.names(resDEG), fromType = "ENSEMBL", toType = "SYMBOL",  :
  15.6% of input gene IDs are fail to map...
'select()' returned 1:many mapping between keys and columns
Warning message:
In bitr(row.names(resDEG), fromType = "ENSEMBL", toType = "SYMBOL",  :
  10.96% of input gene IDs are fail to map...
[Tue Jan 13 10:23:02 2026]
Finished job 5.
1 of 6 steps (17%) done
Select jobs to execute...
Execute 1 jobs...

[Tue Jan 13 10:23:02 2026]
localrule amyhipDESeq2:
    input: data/raw/20221005_adultHIPAMY_Kdm5cKO_cts.txt, data/raw/SampleInfo_amyhip.csv
    output: results/figure_pieces/PCA_HIPAMY.pdf, data/processed/restable_amy5cKO.csv, data/processed/restable_hip5cKO.csv, results/DESeq2/DEGs_amy5cKO.csv, results/DESeq2/DEGs_hip5cKO.csv, results/figure_pieces/GOmap_amy.pdf, results/figure_pieces/GOmap_hip.pdf, results/figure_pieces/GOdot_amy.pdf, results/figure_pieces/GOdot_hip.pdf
    jobid: 6
    reason: Params have changed since last execution: Union of exclusive params before and now across all output: before: 0.01 now: 0.05 
    resources: tmpdir=C:\Users\kmbon\AppData\Local\Temp

Loading required package: S4Vectors
Loading required package: stats4
Loading required package: BiocGenerics

Attaching package: 'BiocGenerics'

The following objects are masked from 'package:stats':

    IQR, mad, sd, var, xtabs

The following objects are masked from 'package:base':

    anyDuplicated, aperm, append, as.data.frame, basename, cbind,
    colnames, dirname, do.call, duplicated, eval, evalq, Filter, Find,
    get, grep, grepl, intersect, is.unsorted, lapply, Map, mapply,
    match, mget, order, paste, pmax, pmax.int, pmin, pmin.int,
    Position, rank, rbind, Reduce, rownames, sapply, saveRDS, setdiff,
    table, tapply, union, unique, unsplit, which.max, which.min


Attaching package: 'S4Vectors'

The following object is masked from 'package:utils':

    findMatches

The following objects are masked from 'package:base':

    expand.grid, I, unname

Loading required package: IRanges

Attaching package: 'IRanges'

The following object is masked from 'package:grDevices':

    windows

Loading required package: GenomicRanges
Loading required package: GenomeInfoDb
Loading required package: SummarizedExperiment
Loading required package: MatrixGenerics
Loading required package: matrixStats

Attaching package: 'MatrixGenerics'

The following objects are masked from 'package:matrixStats':

    colAlls, colAnyNAs, colAnys, colAvgsPerRowSet, colCollapse,
    colCounts, colCummaxs, colCummins, colCumprods, colCumsums,
    colDiffs, colIQRDiffs, colIQRs, colLogSumExps, colMadDiffs,
    colMads, colMaxs, colMeans2, colMedians, colMins, colOrderStats,
    colProds, colQuantiles, colRanges, colRanks, colSdDiffs, colSds,
    colSums2, colTabulates, colVarDiffs, colVars, colWeightedMads,
    colWeightedMeans, colWeightedMedians, colWeightedSds,
    colWeightedVars, rowAlls, rowAnyNAs, rowAnys, rowAvgsPerColSet,
    rowCollapse, rowCounts, rowCummaxs, rowCummins, rowCumprods,
    rowCumsums, rowDiffs, rowIQRDiffs, rowIQRs, rowLogSumExps,
    rowMadDiffs, rowMads, rowMaxs, rowMeans2, rowMedians, rowMins,
    rowOrderStats, rowProds, rowQuantiles, rowRanges, rowRanks,
    rowSdDiffs, rowSds, rowSums2, rowTabulates, rowVarDiffs, rowVars,
    rowWeightedMads, rowWeightedMeans, rowWeightedMedians,
    rowWeightedSds, rowWeightedVars

Loading required package: Biobase
Welcome to Bioconductor

    Vignettes contain introductory material; view with
    'browseVignettes()'. To cite Bioconductor, see
    'citation("Biobase")', and for packages 'citation("pkgname")'.


Attaching package: 'Biobase'

The following object is masked from 'package:MatrixGenerics':

    rowMedians

The following objects are masked from 'package:matrixStats':

    anyMissing, rowMedians

Warning message:
In DESeqDataSet(se, design = design, ignoreRank) :
  some variables in design formula are characters, converting to factors
estimating size factors
estimating dispersions
gene-wise dispersion estimates
mean-dispersion relationship
final dispersion estimates
fitting model and testing
[1] "Intercept"                            
[2] "group_amygdalaWT_vs_amygdala5cKO"     
[3] "group_hippocampus5cKO_vs_amygdala5cKO"
[4] "group_hippocampusWT_vs_amygdala5cKO"  
Warning message:
package 'ggplot2' was built under R version 4.4.3 
using ntop=500 top features by variance
using 'ashr' for LFC shrinkage. If used in published research, please cite:
    Stephens, M. (2016) False discovery rates: a new deal. Biostatistics, 18:2.
    https://doi.org/10.1093/biostatistics/kxw041

out of 35204 with nonzero total read count
adjusted p-value < 0.05
LFC > 0 (up)       : 62, 0.18%
LFC < 0 (down)     : 1, 0.0028%
outliers [1]       : 10, 0.028%
low counts [2]     : 13963, 40%
(mean count < 3)
[1] see 'cooksCutoff' argument of ?results
[2] see 'independentFiltering' argument of ?results

using 'ashr' for LFC shrinkage. If used in published research, please cite:
    Stephens, M. (2016) False discovery rates: a new deal. Biostatistics, 18:2.
    https://doi.org/10.1093/biostatistics/kxw041

out of 35204 with nonzero total read count
adjusted p-value < 0.05
LFC > 0 (up)       : 156, 0.44%
LFC < 0 (down)     : 26, 0.074%
outliers [1]       : 10, 0.028%
low counts [2]     : 16619, 47%
(mean count < 6)
[1] see 'cooksCutoff' argument of ?results
[2] see 'independentFiltering' argument of ?results


clusterProfiler v4.14.6 Learn more at https://yulab-smu.top/contribution-knowledge-mining/

Please cite:

G Yu. Thirteen years of clusterProfiler. The Innovation. 2024,
5(6):100722

Attaching package: 'clusterProfiler'

The following object is masked from 'package:IRanges':

    slice

The following object is masked from 'package:S4Vectors':

    rename

The following object is masked from 'package:stats':

    filter

Loading required package: AnnotationDbi

Attaching package: 'AnnotationDbi'

The following object is masked from 'package:clusterProfiler':

    select


'select()' returned 1:1 mapping between keys and columns
Warning message:
In bitr(row.names(resDEG), fromType = "ENSEMBL", toType = "SYMBOL",  :
  16.36% of input gene IDs are fail to map...
'select()' returned 1:1 mapping between keys and columns
Warning message:
In bitr(row.names(resDEG), fromType = "ENSEMBL", toType = "SYMBOL",  :
  6.71% of input gene IDs are fail to map...
              ENSEMBL  baseMean log2FoldChange     lfcSE       pvalue
22 ENSMUSG00000039224 10.864204       5.923759 1.2953240 3.692253e-09
21 ENSMUSG00000038216 21.047695       3.452267 0.5627130 1.522855e-13
4  ENSMUSG00000010342 64.372561       2.951217 0.2816017 5.181674e-28
16 ENSMUSG00000031138  8.745435       2.467716 0.9179905 1.475589e-06
7  ENSMUSG00000020299 19.872145       2.380414 0.3813134 2.007519e-11
35 ENSMUSG00000063935 35.701187       2.291652 0.3754634 6.307136e-11
           padj Direction        SYMBOL
22 6.532519e-06        Up        D1Pas1
21 5.388622e-10        Up          Pnmt
4  1.100121e-23        Up         Tex14
16 1.204932e-03        Up            F9
7  5.327703e-08        Up 4930524B15Rik
35 1.425154e-07        Up          Zar1
[1] "first"
enrichplot v1.26.6 Learn more at https://yulab-smu.top/contribution-knowledge-mining/

Please cite:

S Xu, E Hu, Y Cai, Z Xie, X Luo, L Zhan, W Tang, Q Wang, B Liu, R Wang,
W Xie, T Wu, L Xie, G Yu. Using clusterProfiler to characterize
multiomics data. Nature Protocols. 2024, 19(11):3292-3320
[1] "making go map"
ENSMUSG00000039224 ENSMUSG00000038216 ENSMUSG00000010342 ENSMUSG00000031138 
          5.923759           3.452267           2.951217           2.467716 
ENSMUSG00000020299 ENSMUSG00000063935 
          2.380414           2.291652 
 [1] "ENSMUSG00000039224" "ENSMUSG00000038216" "ENSMUSG00000010342"
 [4] "ENSMUSG00000031138" "ENSMUSG00000020299" "ENSMUSG00000063935"
 [7] "ENSMUSG00000002076" "ENSMUSG00000087268" "ENSMUSG00000040564"
[10] "ENSMUSG00000071470"
Error in pairwise_termsim.enrichResult(x, method = method, semData = semData,  : 
  no enriched term found...
Calls: GOmap ... pairwise_termsim -> pairwise_termsim -> pairwise_termsim.enrichResult
Execution halted
RuleException:
CalledProcessError in file C:\Users\kmbon\Documents\KDM5C_Germ_Mechanism\Snakefile, line 36:
Command 'Rscript --vanilla "C:\Users\kmbon\Documents\KDM5C_Germ_Mechanism\.snakemake\scripts\tmpnrbp060y.DESeq2_adultHIPAMY.R"' returned non-zero exit status 1.
[Tue Jan 13 10:26:44 2026]
Error in rule amyhipDESeq2:
    jobid: 6
    input: data/raw/20221005_adultHIPAMY_Kdm5cKO_cts.txt, data/raw/SampleInfo_amyhip.csv
    output: results/figure_pieces/PCA_HIPAMY.pdf, data/processed/restable_amy5cKO.csv, data/processed/restable_hip5cKO.csv, results/DESeq2/DEGs_amy5cKO.csv, results/DESeq2/DEGs_hip5cKO.csv, results/figure_pieces/GOmap_amy.pdf, results/figure_pieces/GOmap_hip.pdf, results/figure_pieces/GOdot_amy.pdf, results/figure_pieces/GOdot_hip.pdf

Removing output files of failed job amyhipDESeq2 since they might be corrupted:
results/figure_pieces/PCA_HIPAMY.pdf, data/processed/restable_amy5cKO.csv, data/processed/restable_hip5cKO.csv, results/DESeq2/DEGs_amy5cKO.csv, results/DESeq2/DEGs_hip5cKO.csv, results/figure_pieces/GOmap_amy.pdf
Shutting down, this might take some time.
Exiting because a job execution failed. Look above for error message
Complete log: .snakemake\log\2026-01-13T101853.139820.snakemake.log
WorkflowError:
At least one job did not complete successfully.
